{
    "Can download CAZYDB": {
        "content": [
            {
                "cazydb": [
                    "CAZyDB.07312020.fa:md5,5a358a7761aaea37a61b59f5deba18d9"
                ]
            }
        ],
        "timestamp": "2023-02-06T12:01:39+0000"
    }
}